Archive member included because of file (symbol)

c:/altera/13.0sp1/nios2eds/bin/gnu/h-i686-mingw32/bin/../lib/gcc/nios2-elf/4.1.2/mno-hw-mul\libgcc.a(lib2-divmod.o)
                              obj/default/hello_world_small.o (__divsi3)
../compteur0to9999_bsp/\libhal_bsp.a(alt_load.o)
                              ../compteur0to9999_bsp//obj/HAL/src/crt0.o (alt_load)
../compteur0to9999_bsp/\libhal_bsp.a(alt_main.o)
                              ../compteur0to9999_bsp//obj/HAL/src/crt0.o (alt_main)
../compteur0to9999_bsp/\libhal_bsp.a(alt_sys_init.o)
                              ../compteur0to9999_bsp/\libhal_bsp.a(alt_main.o) (alt_sys_init)
../compteur0to9999_bsp/\libhal_bsp.a(alt_dcache_flush_all.o)
                              ../compteur0to9999_bsp/\libhal_bsp.a(alt_load.o) (alt_dcache_flush_all)
../compteur0to9999_bsp/\libhal_bsp.a(alt_icache_flush_all.o)
                              ../compteur0to9999_bsp/\libhal_bsp.a(alt_load.o) (alt_icache_flush_all)
../compteur0to9999_bsp/\libhal_bsp.a(altera_nios2_qsys_irq.o)
                              ../compteur0to9999_bsp/\libhal_bsp.a(alt_sys_init.o) (altera_nios2_qsys_irq_init)

Memory Configuration

Name             Origin             Length             Attributes
reset            0x00004000         0x00000020
onchip_memory2_0 0x00004020         0x000027e0
*default*        0x00000000         0xffffffff

Linker script and memory map

LOAD ../compteur0to9999_bsp//obj/HAL/src/crt0.o
                0x0000400c                exit = _exit
LOAD obj/default/hello_world_small.o
LOAD c:/altera/13.0sp1/nios2eds/bin/gnu/h-i686-mingw32/bin/../lib/gcc/nios2-elf/4.1.2/../../../../nios2-elf/lib/mno-hw-mul\libstdc++.a
LOAD c:/altera/13.0sp1/nios2eds/bin/gnu/h-i686-mingw32/bin/../lib/gcc/nios2-elf/4.1.2/../../../../nios2-elf/lib/mno-hw-mul\libm.a
LOAD c:/altera/13.0sp1/nios2eds/bin/gnu/h-i686-mingw32/bin/../lib/gcc/nios2-elf/4.1.2/mno-hw-mul\libgcc.a
START GROUP
LOAD c:/altera/13.0sp1/nios2eds/bin/gnu/h-i686-mingw32/bin/../lib/gcc/nios2-elf/4.1.2/../../../../nios2-elf/lib/mno-hw-mul\libsmallc.a
LOAD c:/altera/13.0sp1/nios2eds/bin/gnu/h-i686-mingw32/bin/../lib/gcc/nios2-elf/4.1.2/mno-hw-mul\libgcc.a
LOAD ../compteur0to9999_bsp/\libhal_bsp.a
END GROUP
LOAD c:/altera/13.0sp1/nios2eds/bin/gnu/h-i686-mingw32/bin/../lib/gcc/nios2-elf/4.1.2/mno-hw-mul\libgcc.a
                0x00004000                __alt_mem_onchip_memory2_0 = 0x4000

.entry          0x00004000       0x20
 *(.entry)
 .entry         0x00004000       0x20 ../compteur0to9999_bsp//obj/HAL/src/crt0.o
                0x00004000                __reset
                0x0000400c                _exit

.exceptions     0x00004020        0x0
                0x00004020                PROVIDE (__ram_exceptions_start, ABSOLUTE (.))
                0x00004020                . = ALIGN (0x20)
 *(.irq)
 *(.exceptions.entry.label)
 *(.exceptions.entry.user)
 *(.exceptions.entry)
 *(.exceptions.irqtest.user)
 *(.exceptions.irqtest)
 *(.exceptions.irqhandler.user)
 *(.exceptions.irqhandler)
 *(.exceptions.irqreturn.user)
 *(.exceptions.irqreturn)
 *(.exceptions.notirq.label)
 *(.exceptions.notirq.user)
 *(.exceptions.notirq)
 *(.exceptions.soft.user)
 *(.exceptions.soft)
 *(.exceptions.unknown.user)
 *(.exceptions.unknown)
 *(.exceptions.exit.label)
 *(.exceptions.exit.user)
 *(.exceptions.exit)
 *(.exceptions)
                0x00004020                PROVIDE (__ram_exceptions_end, ABSOLUTE (.))
                0x00004020                PROVIDE (__flash_exceptions_start, LOADADDR (.exceptions))

.text           0x00004020      0x384
                0x00004020                PROVIDE (stext, ABSOLUTE (.))
 *(.interp)
 *(.hash)
 *(.dynsym)
 *(.dynstr)
 *(.gnu.version)
 *(.gnu.version_d)
 *(.gnu.version_r)
 *(.rel.init)
 *(.rela.init)
 *(.rel.text .rel.text.* .rel.gnu.linkonce.t.*)
 *(.rela.text .rela.text.* .rela.gnu.linkonce.t.*)
 *(.rel.fini)
 *(.rela.fini)
 *(.rel.rodata .rel.rodata.* .rel.gnu.linkonce.r.*)
 *(.rela.rodata .rela.rodata.* .rela.gnu.linkonce.r.*)
 *(.rel.data .rel.data.* .rel.gnu.linkonce.d.*)
 *(.rela.data .rela.data.* .rela.gnu.linkonce.d.*)
 *(.rel.tdata .rel.tdata.* .rel.gnu.linkonce.td.*)
 *(.rela.tdata .rela.tdata.* .rela.gnu.linkonce.td.*)
 *(.rel.tbss .rel.tbss.* .rel.gnu.linkonce.tb.*)
 *(.rela.tbss .rela.tbss.* .rela.gnu.linkonce.tb.*)
 *(.rel.ctors)
 *(.rela.ctors)
 *(.rel.dtors)
 *(.rela.dtors)
 *(.rel.got)
 *(.rela.got)
 *(.rel.sdata .rel.sdata.* .rel.gnu.linkonce.s.*)
 *(.rela.sdata .rela.sdata.* .rela.gnu.linkonce.s.*)
 *(.rel.sbss .rel.sbss.* .rel.gnu.linkonce.sb.*)
 *(.rela.sbss .rela.sbss.* .rela.gnu.linkonce.sb.*)
 *(.rel.sdata2 .rel.sdata2.* .rel.gnu.linkonce.s2.*)
 *(.rela.sdata2 .rela.sdata2.* .rela.gnu.linkonce.s2.*)
 *(.rel.sbss2 .rel.sbss2.* .rel.gnu.linkonce.sb2.*)
 *(.rela.sbss2 .rela.sbss2.* .rela.gnu.linkonce.sb2.*)
 *(.rel.bss .rel.bss.* .rel.gnu.linkonce.b.*)
 *(.rela.bss .rela.bss.* .rela.gnu.linkonce.b.*)
 *(.rel.plt)
 *(.rela.plt)
 *(.rel.dyn)
 *(.init)
 *(.plt)
 *(.text .stub .text.* .gnu.linkonce.t.*)
 .text          0x00004020       0x3c ../compteur0to9999_bsp//obj/HAL/src/crt0.o
                0x00004020                _start
 .text          0x0000405c      0x110 obj/default/hello_world_small.o
                0x0000405c                delay_ms
                0x000040a4                main
 .text          0x0000416c      0x14c c:/altera/13.0sp1/nios2eds/bin/gnu/h-i686-mingw32/bin/../lib/gcc/nios2-elf/4.1.2/mno-hw-mul\libgcc.a(lib2-divmod.o)
                0x000041e8                __divsi3
                0x00004248                __modsi3
                0x000042a8                __udivsi3
                0x000042b0                __umodsi3
 .text          0x000042b8       0x8c ../compteur0to9999_bsp/\libhal_bsp.a(alt_load.o)
                0x000042d8                alt_load
 .text          0x00004344       0x2c ../compteur0to9999_bsp/\libhal_bsp.a(alt_main.o)
                0x00004344                alt_main
 .text          0x00004370       0x24 ../compteur0to9999_bsp/\libhal_bsp.a(alt_sys_init.o)
                0x00004370                alt_sys_init
                0x00004374                alt_irq_init
 .text          0x00004394        0x4 ../compteur0to9999_bsp/\libhal_bsp.a(alt_dcache_flush_all.o)
                0x00004394                alt_dcache_flush_all
 .text          0x00004398        0x4 ../compteur0to9999_bsp/\libhal_bsp.a(alt_icache_flush_all.o)
                0x00004398                alt_icache_flush_all
 .text          0x0000439c        0x8 ../compteur0to9999_bsp/\libhal_bsp.a(altera_nios2_qsys_irq.o)
                0x0000439c                altera_nios2_qsys_irq_init
 *(.gnu.warning.*)
 *(.fini)
                0x000043a4                PROVIDE (__etext, ABSOLUTE (.))
                0x000043a4                PROVIDE (_etext, ABSOLUTE (.))
                0x000043a4                PROVIDE (etext, ABSOLUTE (.))
 *(.eh_frame_hdr)
                0x000043a4                . = ALIGN (0x4)
                0x000043a4                PROVIDE (__preinit_array_start, ABSOLUTE (.))
 *(.preinit_array)
                0x000043a4                PROVIDE (__preinit_array_end, ABSOLUTE (.))
                0x000043a4                PROVIDE (__init_array_start, ABSOLUTE (.))
 *(.init_array)
                0x000043a4                PROVIDE (__init_array_end, ABSOLUTE (.))
                0x000043a4                PROVIDE (__fini_array_start, ABSOLUTE (.))
 *(.fini_array)
                0x000043a4                PROVIDE (__fini_array_end, ABSOLUTE (.))
 *(.eh_frame)
 *(.gcc_except_table)
 *(.dynamic)
                0x000043a4                PROVIDE (__CTOR_LIST__, ABSOLUTE (.))
 *(.ctors)
 *(SORT(.ctors.*))
                0x000043a4                PROVIDE (__CTOR_END__, ABSOLUTE (.))
                0x000043a4                PROVIDE (__DTOR_LIST__, ABSOLUTE (.))
 *(.dtors)
 *(SORT(.dtors.*))
                0x000043a4                PROVIDE (__DTOR_END__, ABSOLUTE (.))
 *(.jcr)
                0x000043a4                . = ALIGN (0x4)

.rodata         0x000043a4        0xc
                0x000043a4                PROVIDE (__ram_rodata_start, ABSOLUTE (.))
                0x000043a4                . = ALIGN (0x4)
 *(.rodata .rodata.* .gnu.linkonce.r.*)
 .rodata        0x000043a4        0xa obj/default/hello_world_small.o
                0x000043a4                seg_code
 *(.rodata1)
                0x000043b0                . = ALIGN (0x4)
 *fill*         0x000043ae        0x2 00
                0x000043b0                PROVIDE (__ram_rodata_end, ABSOLUTE (.))
                0x000043a4                PROVIDE (__flash_rodata_start, LOADADDR (.rodata))

.rwdata         0x000043b0        0x4 load address 0x000043b4
                0x000043b0                PROVIDE (__ram_rwdata_start, ABSOLUTE (.))
                0x000043b0                . = ALIGN (0x4)
 *(.got.plt)
 *(.got)
 *(.data1)
 *(.data .data.* .gnu.linkonce.d.*)
 .data          0x000043b0        0x0 ../compteur0to9999_bsp//obj/HAL/src/crt0.o
 .data          0x000043b0        0x0 obj/default/hello_world_small.o
 .data          0x000043b0        0x0 c:/altera/13.0sp1/nios2eds/bin/gnu/h-i686-mingw32/bin/../lib/gcc/nios2-elf/4.1.2/mno-hw-mul\libgcc.a(lib2-divmod.o)
 .data          0x000043b0        0x0 ../compteur0to9999_bsp/\libhal_bsp.a(alt_load.o)
 .data          0x000043b0        0x0 ../compteur0to9999_bsp/\libhal_bsp.a(alt_main.o)
 .data          0x000043b0        0x0 ../compteur0to9999_bsp/\libhal_bsp.a(alt_sys_init.o)
 .data          0x000043b0        0x0 ../compteur0to9999_bsp/\libhal_bsp.a(alt_dcache_flush_all.o)
 .data          0x000043b0        0x0 ../compteur0to9999_bsp/\libhal_bsp.a(alt_icache_flush_all.o)
 .data          0x000043b0        0x0 ../compteur0to9999_bsp/\libhal_bsp.a(altera_nios2_qsys_irq.o)
                0x0000c3b0                _gp = ABSOLUTE ((. + 0x8000))
                0x0000c3b0                PROVIDE (gp, _gp)
 *(.rwdata .rwdata.*)
 *(.sdata .sdata.* .gnu.linkonce.s.*)
 .sdata         0x000043b0        0x4 ../compteur0to9999_bsp/\libhal_bsp.a(alt_sys_init.o)
                0x000043b0                jtag_uart_0
 *(.sdata2 .sdata2.* .gnu.linkonce.s2.*)
                0x000043b4                . = ALIGN (0x4)
                0x000043b4                _edata = ABSOLUTE (.)
                0x000043b4                PROVIDE (edata, ABSOLUTE (.))
                0x000043b4                PROVIDE (__ram_rwdata_end, ABSOLUTE (.))
                0x000043b4                PROVIDE (__flash_rwdata_start, LOADADDR (.rwdata))

.bss            0x000043b8        0xc
                0x000043b8                __bss_start = ABSOLUTE (.)
                0x000043b8                PROVIDE (__sbss_start, ABSOLUTE (.))
                0x000043b8                PROVIDE (___sbss_start, ABSOLUTE (.))
 *(.dynsbss)
 *(.sbss .sbss.* .gnu.linkonce.sb.*)
 .sbss          0x000043b8        0xc ../compteur0to9999_bsp/\libhal_bsp.a(alt_main.o)
                0x000043b8                alt_argc
                0x000043bc                alt_argv
                0x000043c0                alt_envp
 *(.sbss2 .sbss2.* .gnu.linkonce.sb2.*)
 *(.scommon)
                0x000043c4                PROVIDE (__sbss_end, ABSOLUTE (.))
                0x000043c4                PROVIDE (___sbss_end, ABSOLUTE (.))
 *(.dynbss)
 *(.bss .bss.* .gnu.linkonce.b.*)
 .bss           0x000043c4        0x0 ../compteur0to9999_bsp//obj/HAL/src/crt0.o
 .bss           0x000043c4        0x0 obj/default/hello_world_small.o
 .bss           0x000043c4        0x0 c:/altera/13.0sp1/nios2eds/bin/gnu/h-i686-mingw32/bin/../lib/gcc/nios2-elf/4.1.2/mno-hw-mul\libgcc.a(lib2-divmod.o)
 .bss           0x000043c4        0x0 ../compteur0to9999_bsp/\libhal_bsp.a(alt_load.o)
 .bss           0x000043c4        0x0 ../compteur0to9999_bsp/\libhal_bsp.a(alt_main.o)
 .bss           0x000043c4        0x0 ../compteur0to9999_bsp/\libhal_bsp.a(alt_sys_init.o)
 .bss           0x000043c4        0x0 ../compteur0to9999_bsp/\libhal_bsp.a(alt_dcache_flush_all.o)
 .bss           0x000043c4        0x0 ../compteur0to9999_bsp/\libhal_bsp.a(alt_icache_flush_all.o)
 .bss           0x000043c4        0x0 ../compteur0to9999_bsp/\libhal_bsp.a(altera_nios2_qsys_irq.o)
 *(COMMON)
                0x000043c4                . = ALIGN (0x4)
                0x000043c4                __bss_end = ABSOLUTE (.)

.onchip_memory2_0
                0x000043c4        0x0
                0x000043c4                PROVIDE (_alt_partition_onchip_memory2_0_start, ABSOLUTE (.))
 *(.onchip_memory2_0. onchip_memory2_0.*)
                0x000043c4                . = ALIGN (0x4)
                0x000043c4                PROVIDE (_alt_partition_onchip_memory2_0_end, ABSOLUTE (.))
                0x000043c4                _end = ABSOLUTE (.)
                0x000043c4                end = ABSOLUTE (.)
                0x000043c4                __alt_stack_base = ABSOLUTE (.)
                0x000043c4                PROVIDE (_alt_partition_onchip_memory2_0_load_addr, LOADADDR (.onchip_memory2_0))

.stab
 *(.stab)

.stabstr
 *(.stabstr)

.stab.excl
 *(.stab.excl)

.stab.exclstr
 *(.stab.exclstr)

.stab.index
 *(.stab.index)

.stab.indexstr
 *(.stab.indexstr)

.comment        0x00000000       0x26
 *(.comment)
 .comment       0x00000000       0x26 obj/default/hello_world_small.o
                                 0x27 (size before relaxing)
 .comment       0x00000000       0x27 c:/altera/13.0sp1/nios2eds/bin/gnu/h-i686-mingw32/bin/../lib/gcc/nios2-elf/4.1.2/mno-hw-mul\libgcc.a(lib2-divmod.o)
 .comment       0x00000000       0x27 ../compteur0to9999_bsp/\libhal_bsp.a(alt_load.o)
 .comment       0x00000000       0x27 ../compteur0to9999_bsp/\libhal_bsp.a(alt_main.o)
 .comment       0x00000000       0x27 ../compteur0to9999_bsp/\libhal_bsp.a(alt_sys_init.o)
 .comment       0x00000000       0x27 ../compteur0to9999_bsp/\libhal_bsp.a(alt_dcache_flush_all.o)
 .comment       0x00000000       0x27 ../compteur0to9999_bsp/\libhal_bsp.a(alt_icache_flush_all.o)
 .comment       0x00000000       0x27 ../compteur0to9999_bsp/\libhal_bsp.a(altera_nios2_qsys_irq.o)

.debug
 *(.debug)

.line
 *(.line)

.debug_srcinfo
 *(.debug_srcinfo)

.debug_sfnames
 *(.debug_sfnames)

.debug_aranges  0x00000000      0x128
 *(.debug_aranges)
 .debug_aranges
                0x00000000       0x28 ../compteur0to9999_bsp//obj/HAL/src/crt0.o
 .debug_aranges
                0x00000028       0x20 obj/default/hello_world_small.o
 .debug_aranges
                0x00000048       0x20 c:/altera/13.0sp1/nios2eds/bin/gnu/h-i686-mingw32/bin/../lib/gcc/nios2-elf/4.1.2/mno-hw-mul\libgcc.a(lib2-divmod.o)
 .debug_aranges
                0x00000068       0x20 ../compteur0to9999_bsp/\libhal_bsp.a(alt_load.o)
 .debug_aranges
                0x00000088       0x20 ../compteur0to9999_bsp/\libhal_bsp.a(alt_main.o)
 .debug_aranges
                0x000000a8       0x20 ../compteur0to9999_bsp/\libhal_bsp.a(alt_sys_init.o)
 .debug_aranges
                0x000000c8       0x20 ../compteur0to9999_bsp/\libhal_bsp.a(alt_dcache_flush_all.o)
 .debug_aranges
                0x000000e8       0x20 ../compteur0to9999_bsp/\libhal_bsp.a(alt_icache_flush_all.o)
 .debug_aranges
                0x00000108       0x20 ../compteur0to9999_bsp/\libhal_bsp.a(altera_nios2_qsys_irq.o)

.debug_pubnames
                0x00000000      0x1ad
 *(.debug_pubnames)
 .debug_pubnames
                0x00000000       0x35 obj/default/hello_world_small.o
 .debug_pubnames
                0x00000035       0x48 c:/altera/13.0sp1/nios2eds/bin/gnu/h-i686-mingw32/bin/../lib/gcc/nios2-elf/4.1.2/mno-hw-mul\libgcc.a(lib2-divmod.o)
 .debug_pubnames
                0x0000007d       0x1f ../compteur0to9999_bsp/\libhal_bsp.a(alt_load.o)
 .debug_pubnames
                0x0000009c       0x46 ../compteur0to9999_bsp/\libhal_bsp.a(alt_main.o)
 .debug_pubnames
                0x000000e2       0x44 ../compteur0to9999_bsp/\libhal_bsp.a(alt_sys_init.o)
 .debug_pubnames
                0x00000126       0x2b ../compteur0to9999_bsp/\libhal_bsp.a(alt_dcache_flush_all.o)
 .debug_pubnames
                0x00000151       0x2b ../compteur0to9999_bsp/\libhal_bsp.a(alt_icache_flush_all.o)
 .debug_pubnames
                0x0000017c       0x31 ../compteur0to9999_bsp/\libhal_bsp.a(altera_nios2_qsys_irq.o)

.debug_info     0x00000000      0x956
 *(.debug_info .gnu.linkonce.wi.*)
 .debug_info    0x00000000       0x83 ../compteur0to9999_bsp//obj/HAL/src/crt0.o
 .debug_info    0x00000083      0x140 obj/default/hello_world_small.o
 .debug_info    0x000001c3      0x21c c:/altera/13.0sp1/nios2eds/bin/gnu/h-i686-mingw32/bin/../lib/gcc/nios2-elf/4.1.2/mno-hw-mul\libgcc.a(lib2-divmod.o)
 .debug_info    0x000003df      0x12e ../compteur0to9999_bsp/\libhal_bsp.a(alt_load.o)
 .debug_info    0x0000050d      0x125 ../compteur0to9999_bsp/\libhal_bsp.a(alt_main.o)
 .debug_info    0x00000632      0x17d ../compteur0to9999_bsp/\libhal_bsp.a(alt_sys_init.o)
 .debug_info    0x000007af       0x8d ../compteur0to9999_bsp/\libhal_bsp.a(alt_dcache_flush_all.o)
 .debug_info    0x0000083c       0x8d ../compteur0to9999_bsp/\libhal_bsp.a(alt_icache_flush_all.o)
 .debug_info    0x000008c9       0x8d ../compteur0to9999_bsp/\libhal_bsp.a(altera_nios2_qsys_irq.o)

.debug_abbrev   0x00000000      0x49b
 *(.debug_abbrev)
 .debug_abbrev  0x00000000       0x12 ../compteur0to9999_bsp//obj/HAL/src/crt0.o
 .debug_abbrev  0x00000012       0xcc obj/default/hello_world_small.o
 .debug_abbrev  0x000000de       0xe0 c:/altera/13.0sp1/nios2eds/bin/gnu/h-i686-mingw32/bin/../lib/gcc/nios2-elf/4.1.2/mno-hw-mul\libgcc.a(lib2-divmod.o)
 .debug_abbrev  0x000001be       0x97 ../compteur0to9999_bsp/\libhal_bsp.a(alt_load.o)
 .debug_abbrev  0x00000255       0xa6 ../compteur0to9999_bsp/\libhal_bsp.a(alt_main.o)
 .debug_abbrev  0x000002fb       0xe3 ../compteur0to9999_bsp/\libhal_bsp.a(alt_sys_init.o)
 .debug_abbrev  0x000003de       0x3f ../compteur0to9999_bsp/\libhal_bsp.a(alt_dcache_flush_all.o)
 .debug_abbrev  0x0000041d       0x3f ../compteur0to9999_bsp/\libhal_bsp.a(alt_icache_flush_all.o)
 .debug_abbrev  0x0000045c       0x3f ../compteur0to9999_bsp/\libhal_bsp.a(altera_nios2_qsys_irq.o)

.debug_line     0x00000000     0x119b
 *(.debug_line)
 .debug_line    0x00000000       0x66 ../compteur0to9999_bsp//obj/HAL/src/crt0.o
 .debug_line    0x00000066      0x24f obj/default/hello_world_small.o
 .debug_line    0x000002b5      0x24f c:/altera/13.0sp1/nios2eds/bin/gnu/h-i686-mingw32/bin/../lib/gcc/nios2-elf/4.1.2/mno-hw-mul\libgcc.a(lib2-divmod.o)
 .debug_line    0x00000504      0x217 ../compteur0to9999_bsp/\libhal_bsp.a(alt_load.o)
 .debug_line    0x0000071b      0x2c2 ../compteur0to9999_bsp/\libhal_bsp.a(alt_main.o)
 .debug_line    0x000009dd      0x286 ../compteur0to9999_bsp/\libhal_bsp.a(alt_sys_init.o)
 .debug_line    0x00000c63      0x1b5 ../compteur0to9999_bsp/\libhal_bsp.a(alt_dcache_flush_all.o)
 .debug_line    0x00000e18      0x1b5 ../compteur0to9999_bsp/\libhal_bsp.a(alt_icache_flush_all.o)
 .debug_line    0x00000fcd      0x1ce ../compteur0to9999_bsp/\libhal_bsp.a(altera_nios2_qsys_irq.o)

.debug_frame    0x00000000      0x1a8
 *(.debug_frame)
 .debug_frame   0x00000000       0x40 obj/default/hello_world_small.o
 .debug_frame   0x00000040       0x70 c:/altera/13.0sp1/nios2eds/bin/gnu/h-i686-mingw32/bin/../lib/gcc/nios2-elf/4.1.2/mno-hw-mul\libgcc.a(lib2-divmod.o)
 .debug_frame   0x000000b0       0x38 ../compteur0to9999_bsp/\libhal_bsp.a(alt_load.o)
 .debug_frame   0x000000e8       0x28 ../compteur0to9999_bsp/\libhal_bsp.a(alt_main.o)
 .debug_frame   0x00000110       0x38 ../compteur0to9999_bsp/\libhal_bsp.a(alt_sys_init.o)
 .debug_frame   0x00000148       0x20 ../compteur0to9999_bsp/\libhal_bsp.a(alt_dcache_flush_all.o)
 .debug_frame   0x00000168       0x20 ../compteur0to9999_bsp/\libhal_bsp.a(alt_icache_flush_all.o)
 .debug_frame   0x00000188       0x20 ../compteur0to9999_bsp/\libhal_bsp.a(altera_nios2_qsys_irq.o)

.debug_str      0x00000000      0x4ef
 *(.debug_str)
 .debug_str     0x00000000       0xd8 obj/default/hello_world_small.o
                                0x116 (size before relaxing)
 .debug_str     0x000000d8      0x10b c:/altera/13.0sp1/nios2eds/bin/gnu/h-i686-mingw32/bin/../lib/gcc/nios2-elf/4.1.2/mno-hw-mul\libgcc.a(lib2-divmod.o)
                                0x1b4 (size before relaxing)
 .debug_str     0x000001e3      0x143 ../compteur0to9999_bsp/\libhal_bsp.a(alt_load.o)
                                0x1d8 (size before relaxing)
 .debug_str     0x00000326       0x75 ../compteur0to9999_bsp/\libhal_bsp.a(alt_main.o)
                                0x15c (size before relaxing)
 .debug_str     0x0000039b       0xb1 ../compteur0to9999_bsp/\libhal_bsp.a(alt_sys_init.o)
                                0x1d1 (size before relaxing)
 .debug_str     0x0000044c       0x34 ../compteur0to9999_bsp/\libhal_bsp.a(alt_dcache_flush_all.o)
                                0x11b (size before relaxing)
 .debug_str     0x00000480       0x34 ../compteur0to9999_bsp/\libhal_bsp.a(alt_icache_flush_all.o)
                                0x11b (size before relaxing)
 .debug_str     0x000004b4       0x3b ../compteur0to9999_bsp/\libhal_bsp.a(altera_nios2_qsys_irq.o)
                                0x122 (size before relaxing)

.debug_loc      0x00000000      0x280
 *(.debug_loc)
 .debug_loc     0x00000000       0x3e obj/default/hello_world_small.o
 .debug_loc     0x0000003e      0x1d2 c:/altera/13.0sp1/nios2eds/bin/gnu/h-i686-mingw32/bin/../lib/gcc/nios2-elf/4.1.2/mno-hw-mul\libgcc.a(lib2-divmod.o)
 .debug_loc     0x00000210       0x1f ../compteur0to9999_bsp/\libhal_bsp.a(alt_load.o)
 .debug_loc     0x0000022f       0x1f ../compteur0to9999_bsp/\libhal_bsp.a(alt_main.o)
 .debug_loc     0x0000024e       0x32 ../compteur0to9999_bsp/\libhal_bsp.a(alt_sys_init.o)

.debug_macinfo
 *(.debug_macinfo)

.debug_weaknames
 *(.debug_weaknames)

.debug_funcnames
 *(.debug_funcnames)

.debug_typenames
 *(.debug_typenames)

.debug_varnames
 *(.debug_varnames)

.debug_alt_sim_info
                0x00000000       0x10
 *(.debug_alt_sim_info)
 .debug_alt_sim_info
                0x00000000       0x10 ../compteur0to9999_bsp//obj/HAL/src/crt0.o
                0x00006800                __alt_data_end = 0x6800
                0x00006800                PROVIDE (__alt_stack_pointer, __alt_data_end)
                0x000043c4                PROVIDE (__alt_stack_limit, __alt_stack_base)
                0x000043c4                PROVIDE (__alt_heap_start, end)
                0x00006800                PROVIDE (__alt_heap_limit, 0x6800)
OUTPUT(compteur0to9999.elf elf32-littlenios2)

.debug_ranges   0x00000000       0x20
 .debug_ranges  0x00000000       0x20 ../compteur0to9999_bsp//obj/HAL/src/crt0.o
