Archive member included because of file (symbol)

c:/altera/13.0sp1/nios2eds/bin/gnu/h-i686-mingw32/bin/../lib/gcc/nios2-elf/4.1.2/../../../../nios2-elf/lib/mno-hw-mul\libsmallc.a(lib_a-puts.o)
                              obj/default/hello_world_small.o (puts)
c:/altera/13.0sp1/nios2eds/bin/gnu/h-i686-mingw32/bin/../lib/gcc/nios2-elf/4.1.2/../../../../nios2-elf/lib/mno-hw-mul\libsmallc.a(lib_a-strlen.o)
                              c:/altera/13.0sp1/nios2eds/bin/gnu/h-i686-mingw32/bin/../lib/gcc/nios2-elf/4.1.2/../../../../nios2-elf/lib/mno-hw-mul\libsmallc.a(lib_a-puts.o) (strlen)
c:/altera/13.0sp1/nios2eds/bin/gnu/h-i686-mingw32/bin/../lib/gcc/nios2-elf/4.1.2/../../../../nios2-elf/lib/mno-hw-mul\libsmallc.a(lib_a-fvwrite_small_dev.o)
                              c:/altera/13.0sp1/nios2eds/bin/gnu/h-i686-mingw32/bin/../lib/gcc/nios2-elf/4.1.2/../../../../nios2-elf/lib/mno-hw-mul\libsmallc.a(lib_a-puts.o) (__sfvwrite_small_dev)
c:/altera/13.0sp1/nios2eds/bin/gnu/h-i686-mingw32/bin/../lib/gcc/nios2-elf/4.1.2/../../../../nios2-elf/lib/mno-hw-mul\libsmallc.a(lib_a-impure.o)
                              c:/altera/13.0sp1/nios2eds/bin/gnu/h-i686-mingw32/bin/../lib/gcc/nios2-elf/4.1.2/../../../../nios2-elf/lib/mno-hw-mul\libsmallc.a(lib_a-puts.o) (_impure_ptr)
c:/altera/13.0sp1/nios2eds/bin/gnu/h-i686-mingw32/bin/../lib/gcc/nios2-elf/4.1.2/../../../../nios2-elf/lib/mno-hw-mul\libsmallc.a(lib_a-writer.o)
                              c:/altera/13.0sp1/nios2eds/bin/gnu/h-i686-mingw32/bin/../lib/gcc/nios2-elf/4.1.2/../../../../nios2-elf/lib/mno-hw-mul\libsmallc.a(lib_a-fvwrite_small_dev.o) (_write_r)
c:/altera/13.0sp1/nios2eds/bin/gnu/h-i686-mingw32/bin/../lib/gcc/nios2-elf/4.1.2/../../../../nios2-elf/lib/mno-hw-mul\libsmallc.a(lib_a-int_errno.o)
                              c:/altera/13.0sp1/nios2eds/bin/gnu/h-i686-mingw32/bin/../lib/gcc/nios2-elf/4.1.2/../../../../nios2-elf/lib/mno-hw-mul\libsmallc.a(lib_a-writer.o) (errno)
../Display7segments_bsp/\libhal_bsp.a(alt_load.o)
                              ../Display7segments_bsp//obj/HAL/src/crt0.o (alt_load)
../Display7segments_bsp/\libhal_bsp.a(alt_main.o)
                              ../Display7segments_bsp//obj/HAL/src/crt0.o (alt_main)
../Display7segments_bsp/\libhal_bsp.a(alt_usleep.o)
                              obj/default/hello_world_small.o (usleep)
../Display7segments_bsp/\libhal_bsp.a(alt_write.o)
                              c:/altera/13.0sp1/nios2eds/bin/gnu/h-i686-mingw32/bin/../lib/gcc/nios2-elf/4.1.2/../../../../nios2-elf/lib/mno-hw-mul\libsmallc.a(lib_a-writer.o) (write)
../Display7segments_bsp/\libhal_bsp.a(alt_sys_init.o)
                              ../Display7segments_bsp/\libhal_bsp.a(alt_main.o) (alt_sys_init)
../Display7segments_bsp/\libhal_bsp.a(altera_avalon_jtag_uart_write.o)
                              ../Display7segments_bsp/\libhal_bsp.a(alt_write.o) (altera_avalon_jtag_uart_write)
../Display7segments_bsp/\libhal_bsp.a(alt_busy_sleep.o)
                              ../Display7segments_bsp/\libhal_bsp.a(alt_usleep.o) (alt_busy_sleep)
../Display7segments_bsp/\libhal_bsp.a(alt_dcache_flush_all.o)
                              ../Display7segments_bsp/\libhal_bsp.a(alt_load.o) (alt_dcache_flush_all)
../Display7segments_bsp/\libhal_bsp.a(alt_errno.o)
                              ../Display7segments_bsp/\libhal_bsp.a(alt_write.o) (alt_errno)
../Display7segments_bsp/\libhal_bsp.a(alt_icache_flush_all.o)
                              ../Display7segments_bsp/\libhal_bsp.a(alt_load.o) (alt_icache_flush_all)
../Display7segments_bsp/\libhal_bsp.a(altera_nios2_qsys_irq.o)
                              ../Display7segments_bsp/\libhal_bsp.a(alt_sys_init.o) (altera_nios2_qsys_irq_init)
c:/altera/13.0sp1/nios2eds/bin/gnu/h-i686-mingw32/bin/../lib/gcc/nios2-elf/4.1.2/mno-hw-mul\libgcc.a(lib2-divmod.o)
                              ../Display7segments_bsp/\libhal_bsp.a(alt_busy_sleep.o) (__udivsi3)
c:/altera/13.0sp1/nios2eds/bin/gnu/h-i686-mingw32/bin/../lib/gcc/nios2-elf/4.1.2/mno-hw-mul\libgcc.a(lib2-mul.o)
                              ../Display7segments_bsp/\libhal_bsp.a(alt_busy_sleep.o) (__mulsi3)

Allocating common symbols
Common symbol       size              file

errno               0x4               c:/altera/13.0sp1/nios2eds/bin/gnu/h-i686-mingw32/bin/../lib/gcc/nios2-elf/4.1.2/../../../../nios2-elf/lib/mno-hw-mul\libsmallc.a(lib_a-int_errno.o)

Memory Configuration

Name             Origin             Length             Attributes
reset            0x00004000         0x00000020
onchip_memory2_0 0x00004020         0x000027e0
*default*        0x00000000         0xffffffff

Linker script and memory map

LOAD ../Display7segments_bsp//obj/HAL/src/crt0.o
                0x0000400c                exit = _exit
LOAD obj/default/hello_world_small.o
LOAD c:/altera/13.0sp1/nios2eds/bin/gnu/h-i686-mingw32/bin/../lib/gcc/nios2-elf/4.1.2/../../../../nios2-elf/lib/mno-hw-mul\libstdc++.a
LOAD c:/altera/13.0sp1/nios2eds/bin/gnu/h-i686-mingw32/bin/../lib/gcc/nios2-elf/4.1.2/../../../../nios2-elf/lib/mno-hw-mul\libm.a
LOAD c:/altera/13.0sp1/nios2eds/bin/gnu/h-i686-mingw32/bin/../lib/gcc/nios2-elf/4.1.2/mno-hw-mul\libgcc.a
START GROUP
LOAD c:/altera/13.0sp1/nios2eds/bin/gnu/h-i686-mingw32/bin/../lib/gcc/nios2-elf/4.1.2/../../../../nios2-elf/lib/mno-hw-mul\libsmallc.a
LOAD c:/altera/13.0sp1/nios2eds/bin/gnu/h-i686-mingw32/bin/../lib/gcc/nios2-elf/4.1.2/mno-hw-mul\libgcc.a
LOAD ../Display7segments_bsp/\libhal_bsp.a
END GROUP
LOAD c:/altera/13.0sp1/nios2eds/bin/gnu/h-i686-mingw32/bin/../lib/gcc/nios2-elf/4.1.2/mno-hw-mul\libgcc.a
                0x00004000                __alt_mem_onchip_memory2_0 = 0x4000

.entry          0x00004000       0x20
 *(.entry)
 .entry         0x00004000       0x20 ../Display7segments_bsp//obj/HAL/src/crt0.o
                0x00004000                __reset
                0x0000400c                _exit

.exceptions     0x00004020        0x0
                0x00004020                PROVIDE (__ram_exceptions_start, ABSOLUTE (.))
                0x00004020                . = ALIGN (0x20)
 *(.irq)
 *(.exceptions.entry.label)
 *(.exceptions.entry.user)
 *(.exceptions.entry)
 *(.exceptions.irqtest.user)
 *(.exceptions.irqtest)
 *(.exceptions.irqhandler.user)
 *(.exceptions.irqhandler)
 *(.exceptions.irqreturn.user)
 *(.exceptions.irqreturn)
 *(.exceptions.notirq.label)
 *(.exceptions.notirq.user)
 *(.exceptions.notirq)
 *(.exceptions.soft.user)
 *(.exceptions.soft)
 *(.exceptions.unknown.user)
 *(.exceptions.unknown)
 *(.exceptions.exit.label)
 *(.exceptions.exit.user)
 *(.exceptions.exit)
 *(.exceptions)
                0x00004020                PROVIDE (__ram_exceptions_end, ABSOLUTE (.))
                0x00004020                PROVIDE (__flash_exceptions_start, LOADADDR (.exceptions))

.text           0x00004020      0x630
                0x00004020                PROVIDE (stext, ABSOLUTE (.))
 *(.interp)
 *(.hash)
 *(.dynsym)
 *(.dynstr)
 *(.gnu.version)
 *(.gnu.version_d)
 *(.gnu.version_r)
 *(.rel.init)
 *(.rela.init)
 *(.rel.text .rel.text.* .rel.gnu.linkonce.t.*)
 *(.rela.text .rela.text.* .rela.gnu.linkonce.t.*)
 *(.rel.fini)
 *(.rela.fini)
 *(.rel.rodata .rel.rodata.* .rel.gnu.linkonce.r.*)
 *(.rela.rodata .rela.rodata.* .rela.gnu.linkonce.r.*)
 *(.rel.data .rel.data.* .rel.gnu.linkonce.d.*)
 *(.rela.data .rela.data.* .rela.gnu.linkonce.d.*)
 *(.rel.tdata .rel.tdata.* .rel.gnu.linkonce.td.*)
 *(.rela.tdata .rela.tdata.* .rela.gnu.linkonce.td.*)
 *(.rel.tbss .rel.tbss.* .rel.gnu.linkonce.tb.*)
 *(.rela.tbss .rela.tbss.* .rela.gnu.linkonce.tb.*)
 *(.rel.ctors)
 *(.rela.ctors)
 *(.rel.dtors)
 *(.rela.dtors)
 *(.rel.got)
 *(.rela.got)
 *(.rel.sdata .rel.sdata.* .rel.gnu.linkonce.s.*)
 *(.rela.sdata .rela.sdata.* .rela.gnu.linkonce.s.*)
 *(.rel.sbss .rel.sbss.* .rel.gnu.linkonce.sb.*)
 *(.rela.sbss .rela.sbss.* .rela.gnu.linkonce.sb.*)
 *(.rel.sdata2 .rel.sdata2.* .rel.gnu.linkonce.s2.*)
 *(.rela.sdata2 .rela.sdata2.* .rela.gnu.linkonce.s2.*)
 *(.rel.sbss2 .rel.sbss2.* .rel.gnu.linkonce.sb2.*)
 *(.rela.sbss2 .rela.sbss2.* .rela.gnu.linkonce.sb2.*)
 *(.rel.bss .rel.bss.* .rel.gnu.linkonce.b.*)
 *(.rela.bss .rela.bss.* .rela.gnu.linkonce.b.*)
 *(.rel.plt)
 *(.rela.plt)
 *(.rel.dyn)
 *(.init)
 *(.plt)
 *(.text .stub .text.* .gnu.linkonce.t.*)
 .text          0x00004020       0x3c ../Display7segments_bsp//obj/HAL/src/crt0.o
                0x00004020                _start
 .text          0x0000405c       0x50 obj/default/hello_world_small.o
                0x0000405c                main
 .text          0x000040ac       0xa4 c:/altera/13.0sp1/nios2eds/bin/gnu/h-i686-mingw32/bin/../lib/gcc/nios2-elf/4.1.2/../../../../nios2-elf/lib/mno-hw-mul\libsmallc.a(lib_a-puts.o)
                0x000040ac                _puts_r
                0x0000413c                puts
 .text          0x00004150       0x20 c:/altera/13.0sp1/nios2eds/bin/gnu/h-i686-mingw32/bin/../lib/gcc/nios2-elf/4.1.2/../../../../nios2-elf/lib/mno-hw-mul\libsmallc.a(lib_a-strlen.o)
                0x00004150                strlen
 .text          0x00004170       0xbc c:/altera/13.0sp1/nios2eds/bin/gnu/h-i686-mingw32/bin/../lib/gcc/nios2-elf/4.1.2/../../../../nios2-elf/lib/mno-hw-mul\libsmallc.a(lib_a-fvwrite_small_dev.o)
                0x00004170                __sfvwrite_small_dev
 .text          0x0000422c        0x0 c:/altera/13.0sp1/nios2eds/bin/gnu/h-i686-mingw32/bin/../lib/gcc/nios2-elf/4.1.2/../../../../nios2-elf/lib/mno-hw-mul\libsmallc.a(lib_a-impure.o)
 .text          0x0000422c       0x78 c:/altera/13.0sp1/nios2eds/bin/gnu/h-i686-mingw32/bin/../lib/gcc/nios2-elf/4.1.2/../../../../nios2-elf/lib/mno-hw-mul\libsmallc.a(lib_a-writer.o)
                0x0000422c                _write_r
 .text          0x000042a4        0x0 c:/altera/13.0sp1/nios2eds/bin/gnu/h-i686-mingw32/bin/../lib/gcc/nios2-elf/4.1.2/../../../../nios2-elf/lib/mno-hw-mul\libsmallc.a(lib_a-int_errno.o)
 .text          0x000042a4       0x8c ../Display7segments_bsp/\libhal_bsp.a(alt_load.o)
                0x000042c4                alt_load
 .text          0x00004330       0x2c ../Display7segments_bsp/\libhal_bsp.a(alt_main.o)
                0x00004330                alt_main
 .text          0x0000435c        0x4 ../Display7segments_bsp/\libhal_bsp.a(alt_usleep.o)
                0x0000435c                usleep
 .text          0x00004360       0x78 ../Display7segments_bsp/\libhal_bsp.a(alt_write.o)
                0x00004360                write
 .text          0x000043d8       0x24 ../Display7segments_bsp/\libhal_bsp.a(alt_sys_init.o)
                0x000043d8                alt_sys_init
                0x000043dc                alt_irq_init
 .text          0x000043fc       0x34 ../Display7segments_bsp/\libhal_bsp.a(altera_avalon_jtag_uart_write.o)
                0x000043fc                altera_avalon_jtag_uart_write
 .text          0x00004430       0x8c ../Display7segments_bsp/\libhal_bsp.a(alt_busy_sleep.o)
                0x00004430                alt_busy_sleep
 .text          0x000044bc        0x4 ../Display7segments_bsp/\libhal_bsp.a(alt_dcache_flush_all.o)
                0x000044bc                alt_dcache_flush_all
 .text          0x000044c0        0x0 ../Display7segments_bsp/\libhal_bsp.a(alt_errno.o)
 .text          0x000044c0        0x4 ../Display7segments_bsp/\libhal_bsp.a(alt_icache_flush_all.o)
                0x000044c0                alt_icache_flush_all
 .text          0x000044c4        0x8 ../Display7segments_bsp/\libhal_bsp.a(altera_nios2_qsys_irq.o)
                0x000044c4                altera_nios2_qsys_irq_init
 .text          0x000044cc      0x14c c:/altera/13.0sp1/nios2eds/bin/gnu/h-i686-mingw32/bin/../lib/gcc/nios2-elf/4.1.2/mno-hw-mul\libgcc.a(lib2-divmod.o)
                0x00004548                __divsi3
                0x000045a8                __modsi3
                0x00004608                __udivsi3
                0x00004610                __umodsi3
 .text          0x00004618       0x38 c:/altera/13.0sp1/nios2eds/bin/gnu/h-i686-mingw32/bin/../lib/gcc/nios2-elf/4.1.2/mno-hw-mul\libgcc.a(lib2-mul.o)
                0x00004618                __mulsi3
 *(.gnu.warning.*)
 *(.fini)
                0x00004650                PROVIDE (__etext, ABSOLUTE (.))
                0x00004650                PROVIDE (_etext, ABSOLUTE (.))
                0x00004650                PROVIDE (etext, ABSOLUTE (.))
 *(.eh_frame_hdr)
                0x00004650                . = ALIGN (0x4)
                0x00004650                PROVIDE (__preinit_array_start, ABSOLUTE (.))
 *(.preinit_array)
                0x00004650                PROVIDE (__preinit_array_end, ABSOLUTE (.))
                0x00004650                PROVIDE (__init_array_start, ABSOLUTE (.))
 *(.init_array)
                0x00004650                PROVIDE (__init_array_end, ABSOLUTE (.))
                0x00004650                PROVIDE (__fini_array_start, ABSOLUTE (.))
 *(.fini_array)
                0x00004650                PROVIDE (__fini_array_end, ABSOLUTE (.))
 *(.eh_frame)
 *(.gcc_except_table)
 *(.dynamic)
                0x00004650                PROVIDE (__CTOR_LIST__, ABSOLUTE (.))
 *(.ctors)
 *(SORT(.ctors.*))
                0x00004650                PROVIDE (__CTOR_END__, ABSOLUTE (.))
                0x00004650                PROVIDE (__DTOR_LIST__, ABSOLUTE (.))
 *(.dtors)
 *(SORT(.dtors.*))
                0x00004650                PROVIDE (__DTOR_END__, ABSOLUTE (.))
 *(.jcr)
                0x00004650                . = ALIGN (0x4)

.rodata         0x00004650       0x44
                0x00004650                PROVIDE (__ram_rodata_start, ABSOLUTE (.))
                0x00004650                . = ALIGN (0x4)
 *(.rodata .rodata.* .gnu.linkonce.r.*)
 .rodata.str1.4
                0x00004650       0x2e obj/default/hello_world_small.o
                                 0x30 (size before relaxing)
 .rodata        0x0000467e       0x10 obj/default/hello_world_small.o
 *fill*         0x0000468e        0x2 00
 .rodata.str1.4
                0x00004690        0x4 c:/altera/13.0sp1/nios2eds/bin/gnu/h-i686-mingw32/bin/../lib/gcc/nios2-elf/4.1.2/../../../../nios2-elf/lib/mno-hw-mul\libsmallc.a(lib_a-puts.o)
 *(.rodata1)
                0x00004694                . = ALIGN (0x4)
                0x00004694                PROVIDE (__ram_rodata_end, ABSOLUTE (.))
                0x00004650                PROVIDE (__flash_rodata_start, LOADADDR (.rodata))

.rwdata         0x00004694       0xf0 load address 0x00004784
                0x00004694                PROVIDE (__ram_rwdata_start, ABSOLUTE (.))
                0x00004694                . = ALIGN (0x4)
 *(.got.plt)
 *(.got)
 *(.data1)
 *(.data .data.* .gnu.linkonce.d.*)
 .data          0x00004694        0x0 ../Display7segments_bsp//obj/HAL/src/crt0.o
 .data          0x00004694        0x0 obj/default/hello_world_small.o
 .data          0x00004694        0x0 c:/altera/13.0sp1/nios2eds/bin/gnu/h-i686-mingw32/bin/../lib/gcc/nios2-elf/4.1.2/../../../../nios2-elf/lib/mno-hw-mul\libsmallc.a(lib_a-puts.o)
 .data          0x00004694        0x0 c:/altera/13.0sp1/nios2eds/bin/gnu/h-i686-mingw32/bin/../lib/gcc/nios2-elf/4.1.2/../../../../nios2-elf/lib/mno-hw-mul\libsmallc.a(lib_a-strlen.o)
 .data          0x00004694        0x0 c:/altera/13.0sp1/nios2eds/bin/gnu/h-i686-mingw32/bin/../lib/gcc/nios2-elf/4.1.2/../../../../nios2-elf/lib/mno-hw-mul\libsmallc.a(lib_a-fvwrite_small_dev.o)
 .data          0x00004694       0xe0 c:/altera/13.0sp1/nios2eds/bin/gnu/h-i686-mingw32/bin/../lib/gcc/nios2-elf/4.1.2/../../../../nios2-elf/lib/mno-hw-mul\libsmallc.a(lib_a-impure.o)
 .data          0x00004774        0x0 c:/altera/13.0sp1/nios2eds/bin/gnu/h-i686-mingw32/bin/../lib/gcc/nios2-elf/4.1.2/../../../../nios2-elf/lib/mno-hw-mul\libsmallc.a(lib_a-writer.o)
 .data          0x00004774        0x0 c:/altera/13.0sp1/nios2eds/bin/gnu/h-i686-mingw32/bin/../lib/gcc/nios2-elf/4.1.2/../../../../nios2-elf/lib/mno-hw-mul\libsmallc.a(lib_a-int_errno.o)
 .data          0x00004774        0x0 ../Display7segments_bsp/\libhal_bsp.a(alt_load.o)
 .data          0x00004774        0x0 ../Display7segments_bsp/\libhal_bsp.a(alt_main.o)
 .data          0x00004774        0x0 ../Display7segments_bsp/\libhal_bsp.a(alt_usleep.o)
 .data          0x00004774        0x0 ../Display7segments_bsp/\libhal_bsp.a(alt_write.o)
 .data          0x00004774        0x0 ../Display7segments_bsp/\libhal_bsp.a(alt_sys_init.o)
 .data          0x00004774        0x0 ../Display7segments_bsp/\libhal_bsp.a(altera_avalon_jtag_uart_write.o)
 .data          0x00004774        0x0 ../Display7segments_bsp/\libhal_bsp.a(alt_busy_sleep.o)
 .data          0x00004774        0x0 ../Display7segments_bsp/\libhal_bsp.a(alt_dcache_flush_all.o)
 .data          0x00004774        0x0 ../Display7segments_bsp/\libhal_bsp.a(alt_errno.o)
 .data          0x00004774        0x0 ../Display7segments_bsp/\libhal_bsp.a(alt_icache_flush_all.o)
 .data          0x00004774        0x0 ../Display7segments_bsp/\libhal_bsp.a(altera_nios2_qsys_irq.o)
 .data          0x00004774        0x0 c:/altera/13.0sp1/nios2eds/bin/gnu/h-i686-mingw32/bin/../lib/gcc/nios2-elf/4.1.2/mno-hw-mul\libgcc.a(lib2-divmod.o)
 .data          0x00004774        0x0 c:/altera/13.0sp1/nios2eds/bin/gnu/h-i686-mingw32/bin/../lib/gcc/nios2-elf/4.1.2/mno-hw-mul\libgcc.a(lib2-mul.o)
                0x0000c774                _gp = ABSOLUTE ((. + 0x8000))
                0x0000c774                PROVIDE (gp, _gp)
 *(.rwdata .rwdata.*)
 *(.sdata .sdata.* .gnu.linkonce.s.*)
 .sdata         0x00004774        0x8 c:/altera/13.0sp1/nios2eds/bin/gnu/h-i686-mingw32/bin/../lib/gcc/nios2-elf/4.1.2/../../../../nios2-elf/lib/mno-hw-mul\libsmallc.a(lib_a-impure.o)
                0x00004774                _impure_ptr
                0x00004778                _global_impure_ptr
 .sdata         0x0000477c        0x4 ../Display7segments_bsp/\libhal_bsp.a(alt_sys_init.o)
                0x0000477c                jtag_uart_0
 .sdata         0x00004780        0x4 ../Display7segments_bsp/\libhal_bsp.a(alt_errno.o)
                0x00004780                alt_errno
 *(.sdata2 .sdata2.* .gnu.linkonce.s2.*)
                0x00004784                . = ALIGN (0x4)
                0x00004784                _edata = ABSOLUTE (.)
                0x00004784                PROVIDE (edata, ABSOLUTE (.))
                0x00004784                PROVIDE (__ram_rwdata_end, ABSOLUTE (.))
                0x00004784                PROVIDE (__flash_rwdata_start, LOADADDR (.rwdata))

.bss            0x00004874       0x10
                0x00004874                __bss_start = ABSOLUTE (.)
                0x00004874                PROVIDE (__sbss_start, ABSOLUTE (.))
                0x00004874                PROVIDE (___sbss_start, ABSOLUTE (.))
 *(.dynsbss)
 *(.sbss .sbss.* .gnu.linkonce.sb.*)
 .sbss          0x00004874        0x4 c:/altera/13.0sp1/nios2eds/bin/gnu/h-i686-mingw32/bin/../lib/gcc/nios2-elf/4.1.2/../../../../nios2-elf/lib/mno-hw-mul\libsmallc.a(lib_a-int_errno.o)
                0x00004874                errno
 .sbss          0x00004878        0xc ../Display7segments_bsp/\libhal_bsp.a(alt_main.o)
                0x00004878                alt_argc
                0x0000487c                alt_argv
                0x00004880                alt_envp
 *(.sbss2 .sbss2.* .gnu.linkonce.sb2.*)
 *(.scommon)
                0x00004884                PROVIDE (__sbss_end, ABSOLUTE (.))
                0x00004884                PROVIDE (___sbss_end, ABSOLUTE (.))
 *(.dynbss)
 *(.bss .bss.* .gnu.linkonce.b.*)
 .bss           0x00004884        0x0 ../Display7segments_bsp//obj/HAL/src/crt0.o
 .bss           0x00004884        0x0 obj/default/hello_world_small.o
 .bss           0x00004884        0x0 c:/altera/13.0sp1/nios2eds/bin/gnu/h-i686-mingw32/bin/../lib/gcc/nios2-elf/4.1.2/../../../../nios2-elf/lib/mno-hw-mul\libsmallc.a(lib_a-puts.o)
 .bss           0x00004884        0x0 c:/altera/13.0sp1/nios2eds/bin/gnu/h-i686-mingw32/bin/../lib/gcc/nios2-elf/4.1.2/../../../../nios2-elf/lib/mno-hw-mul\libsmallc.a(lib_a-strlen.o)
 .bss           0x00004884        0x0 c:/altera/13.0sp1/nios2eds/bin/gnu/h-i686-mingw32/bin/../lib/gcc/nios2-elf/4.1.2/../../../../nios2-elf/lib/mno-hw-mul\libsmallc.a(lib_a-fvwrite_small_dev.o)
 .bss           0x00004884        0x0 c:/altera/13.0sp1/nios2eds/bin/gnu/h-i686-mingw32/bin/../lib/gcc/nios2-elf/4.1.2/../../../../nios2-elf/lib/mno-hw-mul\libsmallc.a(lib_a-impure.o)
 .bss           0x00004884        0x0 c:/altera/13.0sp1/nios2eds/bin/gnu/h-i686-mingw32/bin/../lib/gcc/nios2-elf/4.1.2/../../../../nios2-elf/lib/mno-hw-mul\libsmallc.a(lib_a-writer.o)
 .bss           0x00004884        0x0 c:/altera/13.0sp1/nios2eds/bin/gnu/h-i686-mingw32/bin/../lib/gcc/nios2-elf/4.1.2/../../../../nios2-elf/lib/mno-hw-mul\libsmallc.a(lib_a-int_errno.o)
 .bss           0x00004884        0x0 ../Display7segments_bsp/\libhal_bsp.a(alt_load.o)
 .bss           0x00004884        0x0 ../Display7segments_bsp/\libhal_bsp.a(alt_main.o)
 .bss           0x00004884        0x0 ../Display7segments_bsp/\libhal_bsp.a(alt_usleep.o)
 .bss           0x00004884        0x0 ../Display7segments_bsp/\libhal_bsp.a(alt_write.o)
 .bss           0x00004884        0x0 ../Display7segments_bsp/\libhal_bsp.a(alt_sys_init.o)
 .bss           0x00004884        0x0 ../Display7segments_bsp/\libhal_bsp.a(altera_avalon_jtag_uart_write.o)
 .bss           0x00004884        0x0 ../Display7segments_bsp/\libhal_bsp.a(alt_busy_sleep.o)
 .bss           0x00004884        0x0 ../Display7segments_bsp/\libhal_bsp.a(alt_dcache_flush_all.o)
 .bss           0x00004884        0x0 ../Display7segments_bsp/\libhal_bsp.a(alt_errno.o)
 .bss           0x00004884        0x0 ../Display7segments_bsp/\libhal_bsp.a(alt_icache_flush_all.o)
 .bss           0x00004884        0x0 ../Display7segments_bsp/\libhal_bsp.a(altera_nios2_qsys_irq.o)
 .bss           0x00004884        0x0 c:/altera/13.0sp1/nios2eds/bin/gnu/h-i686-mingw32/bin/../lib/gcc/nios2-elf/4.1.2/mno-hw-mul\libgcc.a(lib2-divmod.o)
 .bss           0x00004884        0x0 c:/altera/13.0sp1/nios2eds/bin/gnu/h-i686-mingw32/bin/../lib/gcc/nios2-elf/4.1.2/mno-hw-mul\libgcc.a(lib2-mul.o)
 *(COMMON)
                0x00004884                . = ALIGN (0x4)
                0x00004884                __bss_end = ABSOLUTE (.)

.onchip_memory2_0
                0x00004884        0x0
                0x00004884                PROVIDE (_alt_partition_onchip_memory2_0_start, ABSOLUTE (.))
 *(.onchip_memory2_0. onchip_memory2_0.*)
                0x00004884                . = ALIGN (0x4)
                0x00004884                PROVIDE (_alt_partition_onchip_memory2_0_end, ABSOLUTE (.))
                0x00004884                _end = ABSOLUTE (.)
                0x00004884                end = ABSOLUTE (.)
                0x00004884                __alt_stack_base = ABSOLUTE (.)
                0x00004884                PROVIDE (_alt_partition_onchip_memory2_0_load_addr, LOADADDR (.onchip_memory2_0))

.stab
 *(.stab)

.stabstr
 *(.stabstr)

.stab.excl
 *(.stab.excl)

.stab.exclstr
 *(.stab.exclstr)

.stab.index
 *(.stab.index)

.stab.indexstr
 *(.stab.indexstr)

.comment        0x00000000       0x26
 *(.comment)
 .comment       0x00000000       0x26 obj/default/hello_world_small.o
                                 0x27 (size before relaxing)
 .comment       0x00000000       0x27 c:/altera/13.0sp1/nios2eds/bin/gnu/h-i686-mingw32/bin/../lib/gcc/nios2-elf/4.1.2/../../../../nios2-elf/lib/mno-hw-mul\libsmallc.a(lib_a-puts.o)
 .comment       0x00000000       0x27 c:/altera/13.0sp1/nios2eds/bin/gnu/h-i686-mingw32/bin/../lib/gcc/nios2-elf/4.1.2/../../../../nios2-elf/lib/mno-hw-mul\libsmallc.a(lib_a-strlen.o)
 .comment       0x00000000       0x27 c:/altera/13.0sp1/nios2eds/bin/gnu/h-i686-mingw32/bin/../lib/gcc/nios2-elf/4.1.2/../../../../nios2-elf/lib/mno-hw-mul\libsmallc.a(lib_a-fvwrite_small_dev.o)
 .comment       0x00000000       0x27 c:/altera/13.0sp1/nios2eds/bin/gnu/h-i686-mingw32/bin/../lib/gcc/nios2-elf/4.1.2/../../../../nios2-elf/lib/mno-hw-mul\libsmallc.a(lib_a-impure.o)
 .comment       0x00000000       0x27 c:/altera/13.0sp1/nios2eds/bin/gnu/h-i686-mingw32/bin/../lib/gcc/nios2-elf/4.1.2/../../../../nios2-elf/lib/mno-hw-mul\libsmallc.a(lib_a-writer.o)
 .comment       0x00000000       0x27 c:/altera/13.0sp1/nios2eds/bin/gnu/h-i686-mingw32/bin/../lib/gcc/nios2-elf/4.1.2/../../../../nios2-elf/lib/mno-hw-mul\libsmallc.a(lib_a-int_errno.o)
 .comment       0x00000000       0x27 ../Display7segments_bsp/\libhal_bsp.a(alt_load.o)
 .comment       0x00000000       0x27 ../Display7segments_bsp/\libhal_bsp.a(alt_main.o)
 .comment       0x00000000       0x27 ../Display7segments_bsp/\libhal_bsp.a(alt_usleep.o)
 .comment       0x00000000       0x27 ../Display7segments_bsp/\libhal_bsp.a(alt_write.o)
 .comment       0x00000000       0x27 ../Display7segments_bsp/\libhal_bsp.a(alt_sys_init.o)
 .comment       0x00000000       0x27 ../Display7segments_bsp/\libhal_bsp.a(altera_avalon_jtag_uart_write.o)
 .comment       0x00000000       0x27 ../Display7segments_bsp/\libhal_bsp.a(alt_busy_sleep.o)
 .comment       0x00000000       0x27 ../Display7segments_bsp/\libhal_bsp.a(alt_dcache_flush_all.o)
 .comment       0x00000000       0x27 ../Display7segments_bsp/\libhal_bsp.a(alt_errno.o)
 .comment       0x00000000       0x27 ../Display7segments_bsp/\libhal_bsp.a(alt_icache_flush_all.o)
 .comment       0x00000000       0x27 ../Display7segments_bsp/\libhal_bsp.a(altera_nios2_qsys_irq.o)
 .comment       0x00000000       0x27 c:/altera/13.0sp1/nios2eds/bin/gnu/h-i686-mingw32/bin/../lib/gcc/nios2-elf/4.1.2/mno-hw-mul\libgcc.a(lib2-divmod.o)
 .comment       0x00000000       0x27 c:/altera/13.0sp1/nios2eds/bin/gnu/h-i686-mingw32/bin/../lib/gcc/nios2-elf/4.1.2/mno-hw-mul\libgcc.a(lib2-mul.o)

.debug
 *(.debug)

.line
 *(.line)

.debug_srcinfo
 *(.debug_srcinfo)

.debug_sfnames
 *(.debug_sfnames)

.debug_aranges  0x00000000      0x248
 *(.debug_aranges)
 .debug_aranges
                0x00000000       0x28 ../Display7segments_bsp//obj/HAL/src/crt0.o
 .debug_aranges
                0x00000028       0x20 obj/default/hello_world_small.o
 .debug_aranges
                0x00000048       0x20 c:/altera/13.0sp1/nios2eds/bin/gnu/h-i686-mingw32/bin/../lib/gcc/nios2-elf/4.1.2/../../../../nios2-elf/lib/mno-hw-mul\libsmallc.a(lib_a-puts.o)
 .debug_aranges
                0x00000068       0x20 c:/altera/13.0sp1/nios2eds/bin/gnu/h-i686-mingw32/bin/../lib/gcc/nios2-elf/4.1.2/../../../../nios2-elf/lib/mno-hw-mul\libsmallc.a(lib_a-strlen.o)
 .debug_aranges
                0x00000088       0x20 c:/altera/13.0sp1/nios2eds/bin/gnu/h-i686-mingw32/bin/../lib/gcc/nios2-elf/4.1.2/../../../../nios2-elf/lib/mno-hw-mul\libsmallc.a(lib_a-fvwrite_small_dev.o)
 .debug_aranges
                0x000000a8       0x20 c:/altera/13.0sp1/nios2eds/bin/gnu/h-i686-mingw32/bin/../lib/gcc/nios2-elf/4.1.2/../../../../nios2-elf/lib/mno-hw-mul\libsmallc.a(lib_a-writer.o)
 .debug_aranges
                0x000000c8       0x20 ../Display7segments_bsp/\libhal_bsp.a(alt_load.o)
 .debug_aranges
                0x000000e8       0x20 ../Display7segments_bsp/\libhal_bsp.a(alt_main.o)
 .debug_aranges
                0x00000108       0x20 ../Display7segments_bsp/\libhal_bsp.a(alt_usleep.o)
 .debug_aranges
                0x00000128       0x20 ../Display7segments_bsp/\libhal_bsp.a(alt_write.o)
 .debug_aranges
                0x00000148       0x20 ../Display7segments_bsp/\libhal_bsp.a(alt_sys_init.o)
 .debug_aranges
                0x00000168       0x20 ../Display7segments_bsp/\libhal_bsp.a(altera_avalon_jtag_uart_write.o)
 .debug_aranges
                0x00000188       0x20 ../Display7segments_bsp/\libhal_bsp.a(alt_busy_sleep.o)
 .debug_aranges
                0x000001a8       0x20 ../Display7segments_bsp/\libhal_bsp.a(alt_dcache_flush_all.o)
 .debug_aranges
                0x000001c8       0x20 ../Display7segments_bsp/\libhal_bsp.a(alt_icache_flush_all.o)
 .debug_aranges
                0x000001e8       0x20 ../Display7segments_bsp/\libhal_bsp.a(altera_nios2_qsys_irq.o)
 .debug_aranges
                0x00000208       0x20 c:/altera/13.0sp1/nios2eds/bin/gnu/h-i686-mingw32/bin/../lib/gcc/nios2-elf/4.1.2/mno-hw-mul\libgcc.a(lib2-divmod.o)
 .debug_aranges
                0x00000228       0x20 c:/altera/13.0sp1/nios2eds/bin/gnu/h-i686-mingw32/bin/../lib/gcc/nios2-elf/4.1.2/mno-hw-mul\libgcc.a(lib2-mul.o)

.debug_pubnames
                0x00000000      0x347
 *(.debug_pubnames)
 .debug_pubnames
                0x00000000       0x1b obj/default/hello_world_small.o
 .debug_pubnames
                0x0000001b       0x27 c:/altera/13.0sp1/nios2eds/bin/gnu/h-i686-mingw32/bin/../lib/gcc/nios2-elf/4.1.2/../../../../nios2-elf/lib/mno-hw-mul\libsmallc.a(lib_a-puts.o)
 .debug_pubnames
                0x00000042       0x1d c:/altera/13.0sp1/nios2eds/bin/gnu/h-i686-mingw32/bin/../lib/gcc/nios2-elf/4.1.2/../../../../nios2-elf/lib/mno-hw-mul\libsmallc.a(lib_a-strlen.o)
 .debug_pubnames
                0x0000005f       0x2b c:/altera/13.0sp1/nios2eds/bin/gnu/h-i686-mingw32/bin/../lib/gcc/nios2-elf/4.1.2/../../../../nios2-elf/lib/mno-hw-mul\libsmallc.a(lib_a-fvwrite_small_dev.o)
 .debug_pubnames
                0x0000008a       0x39 c:/altera/13.0sp1/nios2eds/bin/gnu/h-i686-mingw32/bin/../lib/gcc/nios2-elf/4.1.2/../../../../nios2-elf/lib/mno-hw-mul\libsmallc.a(lib_a-impure.o)
 .debug_pubnames
                0x000000c3       0x1f c:/altera/13.0sp1/nios2eds/bin/gnu/h-i686-mingw32/bin/../lib/gcc/nios2-elf/4.1.2/../../../../nios2-elf/lib/mno-hw-mul\libsmallc.a(lib_a-writer.o)
 .debug_pubnames
                0x000000e2       0x1c c:/altera/13.0sp1/nios2eds/bin/gnu/h-i686-mingw32/bin/../lib/gcc/nios2-elf/4.1.2/../../../../nios2-elf/lib/mno-hw-mul\libsmallc.a(lib_a-int_errno.o)
 .debug_pubnames
                0x000000fe       0x1f ../Display7segments_bsp/\libhal_bsp.a(alt_load.o)
 .debug_pubnames
                0x0000011d       0x46 ../Display7segments_bsp/\libhal_bsp.a(alt_main.o)
 .debug_pubnames
                0x00000163       0x1d ../Display7segments_bsp/\libhal_bsp.a(alt_usleep.o)
 .debug_pubnames
                0x00000180       0x1c ../Display7segments_bsp/\libhal_bsp.a(alt_write.o)
 .debug_pubnames
                0x0000019c       0x44 ../Display7segments_bsp/\libhal_bsp.a(alt_sys_init.o)
 .debug_pubnames
                0x000001e0       0x34 ../Display7segments_bsp/\libhal_bsp.a(altera_avalon_jtag_uart_write.o)
 .debug_pubnames
                0x00000214       0x25 ../Display7segments_bsp/\libhal_bsp.a(alt_busy_sleep.o)
 .debug_pubnames
                0x00000239       0x2b ../Display7segments_bsp/\libhal_bsp.a(alt_dcache_flush_all.o)
 .debug_pubnames
                0x00000264       0x20 ../Display7segments_bsp/\libhal_bsp.a(alt_errno.o)
 .debug_pubnames
                0x00000284       0x2b ../Display7segments_bsp/\libhal_bsp.a(alt_icache_flush_all.o)
 .debug_pubnames
                0x000002af       0x31 ../Display7segments_bsp/\libhal_bsp.a(altera_nios2_qsys_irq.o)
 .debug_pubnames
                0x000002e0       0x48 c:/altera/13.0sp1/nios2eds/bin/gnu/h-i686-mingw32/bin/../lib/gcc/nios2-elf/4.1.2/mno-hw-mul\libgcc.a(lib2-divmod.o)
 .debug_pubnames
                0x00000328       0x1f c:/altera/13.0sp1/nios2eds/bin/gnu/h-i686-mingw32/bin/../lib/gcc/nios2-elf/4.1.2/mno-hw-mul\libgcc.a(lib2-mul.o)

.debug_info     0x00000000     0x2a4a
 *(.debug_info .gnu.linkonce.wi.*)
 .debug_info    0x00000000       0x84 ../Display7segments_bsp//obj/HAL/src/crt0.o
 .debug_info    0x00000084       0xef obj/default/hello_world_small.o
 .debug_info    0x00000173      0x685 c:/altera/13.0sp1/nios2eds/bin/gnu/h-i686-mingw32/bin/../lib/gcc/nios2-elf/4.1.2/../../../../nios2-elf/lib/mno-hw-mul\libsmallc.a(lib_a-puts.o)
 .debug_info    0x000007f8       0xc2 c:/altera/13.0sp1/nios2eds/bin/gnu/h-i686-mingw32/bin/../lib/gcc/nios2-elf/4.1.2/../../../../nios2-elf/lib/mno-hw-mul\libsmallc.a(lib_a-strlen.o)
 .debug_info    0x000008ba      0x68e c:/altera/13.0sp1/nios2eds/bin/gnu/h-i686-mingw32/bin/../lib/gcc/nios2-elf/4.1.2/../../../../nios2-elf/lib/mno-hw-mul\libsmallc.a(lib_a-fvwrite_small_dev.o)
 .debug_info    0x00000f48      0x636 c:/altera/13.0sp1/nios2eds/bin/gnu/h-i686-mingw32/bin/../lib/gcc/nios2-elf/4.1.2/../../../../nios2-elf/lib/mno-hw-mul\libsmallc.a(lib_a-impure.o)
 .debug_info    0x0000157e      0x68c c:/altera/13.0sp1/nios2eds/bin/gnu/h-i686-mingw32/bin/../lib/gcc/nios2-elf/4.1.2/../../../../nios2-elf/lib/mno-hw-mul\libsmallc.a(lib_a-writer.o)
 .debug_info    0x00001c0a       0x8c c:/altera/13.0sp1/nios2eds/bin/gnu/h-i686-mingw32/bin/../lib/gcc/nios2-elf/4.1.2/../../../../nios2-elf/lib/mno-hw-mul\libsmallc.a(lib_a-int_errno.o)
 .debug_info    0x00001c96      0x12e ../Display7segments_bsp/\libhal_bsp.a(alt_load.o)
 .debug_info    0x00001dc4      0x125 ../Display7segments_bsp/\libhal_bsp.a(alt_main.o)
 .debug_info    0x00001ee9       0xab ../Display7segments_bsp/\libhal_bsp.a(alt_usleep.o)
 .debug_info    0x00001f94      0x179 ../Display7segments_bsp/\libhal_bsp.a(alt_write.o)
 .debug_info    0x0000210d      0x17d ../Display7segments_bsp/\libhal_bsp.a(alt_sys_init.o)
 .debug_info    0x0000228a      0x18f ../Display7segments_bsp/\libhal_bsp.a(altera_avalon_jtag_uart_write.o)
 .debug_info    0x00002419       0xd0 ../Display7segments_bsp/\libhal_bsp.a(alt_busy_sleep.o)
 .debug_info    0x000024e9       0x8d ../Display7segments_bsp/\libhal_bsp.a(alt_dcache_flush_all.o)
 .debug_info    0x00002576       0xab ../Display7segments_bsp/\libhal_bsp.a(alt_errno.o)
 .debug_info    0x00002621       0x8d ../Display7segments_bsp/\libhal_bsp.a(alt_icache_flush_all.o)
 .debug_info    0x000026ae       0x8d ../Display7segments_bsp/\libhal_bsp.a(altera_nios2_qsys_irq.o)
 .debug_info    0x0000273b      0x21c c:/altera/13.0sp1/nios2eds/bin/gnu/h-i686-mingw32/bin/../lib/gcc/nios2-elf/4.1.2/mno-hw-mul\libgcc.a(lib2-divmod.o)
 .debug_info    0x00002957       0xf3 c:/altera/13.0sp1/nios2eds/bin/gnu/h-i686-mingw32/bin/../lib/gcc/nios2-elf/4.1.2/mno-hw-mul\libgcc.a(lib2-mul.o)

.debug_abbrev   0x00000000      0xe4b
 *(.debug_abbrev)
 .debug_abbrev  0x00000000       0x12 ../Display7segments_bsp//obj/HAL/src/crt0.o
 .debug_abbrev  0x00000012       0xa7 obj/default/hello_world_small.o
 .debug_abbrev  0x000000b9      0x180 c:/altera/13.0sp1/nios2eds/bin/gnu/h-i686-mingw32/bin/../lib/gcc/nios2-elf/4.1.2/../../../../nios2-elf/lib/mno-hw-mul\libsmallc.a(lib_a-puts.o)
 .debug_abbrev  0x00000239       0x7a c:/altera/13.0sp1/nios2eds/bin/gnu/h-i686-mingw32/bin/../lib/gcc/nios2-elf/4.1.2/../../../../nios2-elf/lib/mno-hw-mul\libsmallc.a(lib_a-strlen.o)
 .debug_abbrev  0x000002b3      0x179 c:/altera/13.0sp1/nios2eds/bin/gnu/h-i686-mingw32/bin/../lib/gcc/nios2-elf/4.1.2/../../../../nios2-elf/lib/mno-hw-mul\libsmallc.a(lib_a-fvwrite_small_dev.o)
 .debug_abbrev  0x0000042c      0x13f c:/altera/13.0sp1/nios2eds/bin/gnu/h-i686-mingw32/bin/../lib/gcc/nios2-elf/4.1.2/../../../../nios2-elf/lib/mno-hw-mul\libsmallc.a(lib_a-impure.o)
 .debug_abbrev  0x0000056b      0x16c c:/altera/13.0sp1/nios2eds/bin/gnu/h-i686-mingw32/bin/../lib/gcc/nios2-elf/4.1.2/../../../../nios2-elf/lib/mno-hw-mul\libsmallc.a(lib_a-writer.o)
 .debug_abbrev  0x000006d7       0x3b c:/altera/13.0sp1/nios2eds/bin/gnu/h-i686-mingw32/bin/../lib/gcc/nios2-elf/4.1.2/../../../../nios2-elf/lib/mno-hw-mul\libsmallc.a(lib_a-int_errno.o)
 .debug_abbrev  0x00000712       0x97 ../Display7segments_bsp/\libhal_bsp.a(alt_load.o)
 .debug_abbrev  0x000007a9       0xa6 ../Display7segments_bsp/\libhal_bsp.a(alt_main.o)
 .debug_abbrev  0x0000084f       0x5d ../Display7segments_bsp/\libhal_bsp.a(alt_usleep.o)
 .debug_abbrev  0x000008ac       0xdd ../Display7segments_bsp/\libhal_bsp.a(alt_write.o)
 .debug_abbrev  0x00000989       0xe3 ../Display7segments_bsp/\libhal_bsp.a(alt_sys_init.o)
 .debug_abbrev  0x00000a6c       0xf0 ../Display7segments_bsp/\libhal_bsp.a(altera_avalon_jtag_uart_write.o)
 .debug_abbrev  0x00000b5c       0x79 ../Display7segments_bsp/\libhal_bsp.a(alt_busy_sleep.o)
 .debug_abbrev  0x00000bd5       0x3f ../Display7segments_bsp/\libhal_bsp.a(alt_dcache_flush_all.o)
 .debug_abbrev  0x00000c14       0x5e ../Display7segments_bsp/\libhal_bsp.a(alt_errno.o)
 .debug_abbrev  0x00000c72       0x3f ../Display7segments_bsp/\libhal_bsp.a(alt_icache_flush_all.o)
 .debug_abbrev  0x00000cb1       0x3f ../Display7segments_bsp/\libhal_bsp.a(altera_nios2_qsys_irq.o)
 .debug_abbrev  0x00000cf0       0xe0 c:/altera/13.0sp1/nios2eds/bin/gnu/h-i686-mingw32/bin/../lib/gcc/nios2-elf/4.1.2/mno-hw-mul\libgcc.a(lib2-divmod.o)
 .debug_abbrev  0x00000dd0       0x7b c:/altera/13.0sp1/nios2eds/bin/gnu/h-i686-mingw32/bin/../lib/gcc/nios2-elf/4.1.2/mno-hw-mul\libgcc.a(lib2-mul.o)

.debug_line     0x00000000     0x2c95
 *(.debug_line)
 .debug_line    0x00000000       0x66 ../Display7segments_bsp//obj/HAL/src/crt0.o
 .debug_line    0x00000066      0x22c obj/default/hello_world_small.o
 .debug_line    0x00000292      0x2b2 c:/altera/13.0sp1/nios2eds/bin/gnu/h-i686-mingw32/bin/../lib/gcc/nios2-elf/4.1.2/../../../../nios2-elf/lib/mno-hw-mul\libsmallc.a(lib_a-puts.o)
 .debug_line    0x00000544      0x250 c:/altera/13.0sp1/nios2eds/bin/gnu/h-i686-mingw32/bin/../lib/gcc/nios2-elf/4.1.2/../../../../nios2-elf/lib/mno-hw-mul\libsmallc.a(lib_a-strlen.o)
 .debug_line    0x00000794      0x2a9 c:/altera/13.0sp1/nios2eds/bin/gnu/h-i686-mingw32/bin/../lib/gcc/nios2-elf/4.1.2/../../../../nios2-elf/lib/mno-hw-mul\libsmallc.a(lib_a-fvwrite_small_dev.o)
 .debug_line    0x00000a3d      0x230 c:/altera/13.0sp1/nios2eds/bin/gnu/h-i686-mingw32/bin/../lib/gcc/nios2-elf/4.1.2/../../../../nios2-elf/lib/mno-hw-mul\libsmallc.a(lib_a-impure.o)
 .debug_line    0x00000c6d      0x29d c:/altera/13.0sp1/nios2eds/bin/gnu/h-i686-mingw32/bin/../lib/gcc/nios2-elf/4.1.2/../../../../nios2-elf/lib/mno-hw-mul\libsmallc.a(lib_a-writer.o)
 .debug_line    0x00000f0a      0x1e2 c:/altera/13.0sp1/nios2eds/bin/gnu/h-i686-mingw32/bin/../lib/gcc/nios2-elf/4.1.2/../../../../nios2-elf/lib/mno-hw-mul\libsmallc.a(lib_a-int_errno.o)
 .debug_line    0x000010ec      0x217 ../Display7segments_bsp/\libhal_bsp.a(alt_load.o)
 .debug_line    0x00001303      0x2c2 ../Display7segments_bsp/\libhal_bsp.a(alt_main.o)
 .debug_line    0x000015c5      0x202 ../Display7segments_bsp/\libhal_bsp.a(alt_usleep.o)
 .debug_line    0x000017c7      0x2ab ../Display7segments_bsp/\libhal_bsp.a(alt_write.o)
 .debug_line    0x00001a72      0x286 ../Display7segments_bsp/\libhal_bsp.a(alt_sys_init.o)
 .debug_line    0x00001cf8      0x2f4 ../Display7segments_bsp/\libhal_bsp.a(altera_avalon_jtag_uart_write.o)
 .debug_line    0x00001fec      0x25e ../Display7segments_bsp/\libhal_bsp.a(alt_busy_sleep.o)
 .debug_line    0x0000224a      0x1b5 ../Display7segments_bsp/\libhal_bsp.a(alt_dcache_flush_all.o)
 .debug_line    0x000023ff      0x1aa ../Display7segments_bsp/\libhal_bsp.a(alt_errno.o)
 .debug_line    0x000025a9      0x1b5 ../Display7segments_bsp/\libhal_bsp.a(alt_icache_flush_all.o)
 .debug_line    0x0000275e      0x1ce ../Display7segments_bsp/\libhal_bsp.a(altera_nios2_qsys_irq.o)
 .debug_line    0x0000292c      0x24f c:/altera/13.0sp1/nios2eds/bin/gnu/h-i686-mingw32/bin/../lib/gcc/nios2-elf/4.1.2/mno-hw-mul\libgcc.a(lib2-divmod.o)
 .debug_line    0x00002b7b      0x11a c:/altera/13.0sp1/nios2eds/bin/gnu/h-i686-mingw32/bin/../lib/gcc/nios2-elf/4.1.2/mno-hw-mul\libgcc.a(lib2-mul.o)

.debug_frame    0x00000000      0x2f8
 *(.debug_frame)
 .debug_frame   0x00000000       0x28 obj/default/hello_world_small.o
 .debug_frame   0x00000028       0x3c c:/altera/13.0sp1/nios2eds/bin/gnu/h-i686-mingw32/bin/../lib/gcc/nios2-elf/4.1.2/../../../../nios2-elf/lib/mno-hw-mul\libsmallc.a(lib_a-puts.o)
 .debug_frame   0x00000064       0x20 c:/altera/13.0sp1/nios2eds/bin/gnu/h-i686-mingw32/bin/../lib/gcc/nios2-elf/4.1.2/../../../../nios2-elf/lib/mno-hw-mul\libsmallc.a(lib_a-strlen.o)
 .debug_frame   0x00000084       0x30 c:/altera/13.0sp1/nios2eds/bin/gnu/h-i686-mingw32/bin/../lib/gcc/nios2-elf/4.1.2/../../../../nios2-elf/lib/mno-hw-mul\libsmallc.a(lib_a-fvwrite_small_dev.o)
 .debug_frame   0x000000b4       0x2c c:/altera/13.0sp1/nios2eds/bin/gnu/h-i686-mingw32/bin/../lib/gcc/nios2-elf/4.1.2/../../../../nios2-elf/lib/mno-hw-mul\libsmallc.a(lib_a-writer.o)
 .debug_frame   0x000000e0       0x38 ../Display7segments_bsp/\libhal_bsp.a(alt_load.o)
 .debug_frame   0x00000118       0x28 ../Display7segments_bsp/\libhal_bsp.a(alt_main.o)
 .debug_frame   0x00000140       0x20 ../Display7segments_bsp/\libhal_bsp.a(alt_usleep.o)
 .debug_frame   0x00000160       0x28 ../Display7segments_bsp/\libhal_bsp.a(alt_write.o)
 .debug_frame   0x00000188       0x38 ../Display7segments_bsp/\libhal_bsp.a(alt_sys_init.o)
 .debug_frame   0x000001c0       0x20 ../Display7segments_bsp/\libhal_bsp.a(altera_avalon_jtag_uart_write.o)
 .debug_frame   0x000001e0       0x28 ../Display7segments_bsp/\libhal_bsp.a(alt_busy_sleep.o)
 .debug_frame   0x00000208       0x20 ../Display7segments_bsp/\libhal_bsp.a(alt_dcache_flush_all.o)
 .debug_frame   0x00000228       0x20 ../Display7segments_bsp/\libhal_bsp.a(alt_icache_flush_all.o)
 .debug_frame   0x00000248       0x20 ../Display7segments_bsp/\libhal_bsp.a(altera_nios2_qsys_irq.o)
 .debug_frame   0x00000268       0x70 c:/altera/13.0sp1/nios2eds/bin/gnu/h-i686-mingw32/bin/../lib/gcc/nios2-elf/4.1.2/mno-hw-mul\libgcc.a(lib2-divmod.o)
 .debug_frame   0x000002d8       0x20 c:/altera/13.0sp1/nios2eds/bin/gnu/h-i686-mingw32/bin/../lib/gcc/nios2-elf/4.1.2/mno-hw-mul\libgcc.a(lib2-mul.o)

.debug_str      0x00000000      0xc79
 *(.debug_str)
 .debug_str     0x00000000       0xd5 obj/default/hello_world_small.o
                                0x113 (size before relaxing)
 .debug_str     0x000000d5      0x38e c:/altera/13.0sp1/nios2eds/bin/gnu/h-i686-mingw32/bin/../lib/gcc/nios2-elf/4.1.2/../../../../nios2-elf/lib/mno-hw-mul\libsmallc.a(lib_a-puts.o)
                                0x450 (size before relaxing)
 .debug_str     0x00000463       0xe2 c:/altera/13.0sp1/nios2eds/bin/gnu/h-i686-mingw32/bin/../lib/gcc/nios2-elf/4.1.2/../../../../nios2-elf/lib/mno-hw-mul\libsmallc.a(lib_a-strlen.o)
                                0x184 (size before relaxing)
 .debug_str     0x00000545       0x70 c:/altera/13.0sp1/nios2eds/bin/gnu/h-i686-mingw32/bin/../lib/gcc/nios2-elf/4.1.2/../../../../nios2-elf/lib/mno-hw-mul\libsmallc.a(lib_a-fvwrite_small_dev.o)
                                0x46a (size before relaxing)
 .debug_str     0x000005b5       0xf8 c:/altera/13.0sp1/nios2eds/bin/gnu/h-i686-mingw32/bin/../lib/gcc/nios2-elf/4.1.2/../../../../nios2-elf/lib/mno-hw-mul\libsmallc.a(lib_a-impure.o)
                                0x45d (size before relaxing)
 .debug_str     0x000006ad       0x4f c:/altera/13.0sp1/nios2eds/bin/gnu/h-i686-mingw32/bin/../lib/gcc/nios2-elf/4.1.2/../../../../nios2-elf/lib/mno-hw-mul\libsmallc.a(lib_a-writer.o)
                                0x451 (size before relaxing)
 .debug_str     0x000006fc       0x40 c:/altera/13.0sp1/nios2eds/bin/gnu/h-i686-mingw32/bin/../lib/gcc/nios2-elf/4.1.2/../../../../nios2-elf/lib/mno-hw-mul\libsmallc.a(lib_a-int_errno.o)
                                0x177 (size before relaxing)
 .debug_str     0x0000073c      0x144 ../Display7segments_bsp/\libhal_bsp.a(alt_load.o)
                                0x1d9 (size before relaxing)
 .debug_str     0x00000880       0x70 ../Display7segments_bsp/\libhal_bsp.a(alt_main.o)
                                0x15d (size before relaxing)
 .debug_str     0x000008f0       0x27 ../Display7segments_bsp/\libhal_bsp.a(alt_usleep.o)
                                0x10f (size before relaxing)
 .debug_str     0x00000917       0x58 ../Display7segments_bsp/\libhal_bsp.a(alt_write.o)
                                0x189 (size before relaxing)
 .debug_str     0x0000096f       0x85 ../Display7segments_bsp/\libhal_bsp.a(alt_sys_init.o)
                                0x1d2 (size before relaxing)
 .debug_str     0x000009f4       0x4a ../Display7segments_bsp/\libhal_bsp.a(altera_avalon_jtag_uart_write.o)
                                0x1d5 (size before relaxing)
 .debug_str     0x00000a3e       0x42 ../Display7segments_bsp/\libhal_bsp.a(alt_busy_sleep.o)
                                0x132 (size before relaxing)
 .debug_str     0x00000a80       0x34 ../Display7segments_bsp/\libhal_bsp.a(alt_dcache_flush_all.o)
                                0x11c (size before relaxing)
 .debug_str     0x00000ab4       0x14 ../Display7segments_bsp/\libhal_bsp.a(alt_errno.o)
                                0x10c (size before relaxing)
 .debug_str     0x00000ac8       0x34 ../Display7segments_bsp/\libhal_bsp.a(alt_icache_flush_all.o)
                                0x11c (size before relaxing)
 .debug_str     0x00000afc       0x3b ../Display7segments_bsp/\libhal_bsp.a(altera_nios2_qsys_irq.o)
                                0x123 (size before relaxing)
 .debug_str     0x00000b37      0x10b c:/altera/13.0sp1/nios2eds/bin/gnu/h-i686-mingw32/bin/../lib/gcc/nios2-elf/4.1.2/mno-hw-mul\libgcc.a(lib2-divmod.o)
                                0x1b4 (size before relaxing)
 .debug_str     0x00000c42       0x37 c:/altera/13.0sp1/nios2eds/bin/gnu/h-i686-mingw32/bin/../lib/gcc/nios2-elf/4.1.2/mno-hw-mul\libgcc.a(lib2-mul.o)
                                0x175 (size before relaxing)

.debug_loc      0x00000000      0x68c
 *(.debug_loc)
 .debug_loc     0x00000000       0x1f obj/default/hello_world_small.o
 .debug_loc     0x0000001f       0xa2 c:/altera/13.0sp1/nios2eds/bin/gnu/h-i686-mingw32/bin/../lib/gcc/nios2-elf/4.1.2/../../../../nios2-elf/lib/mno-hw-mul\libsmallc.a(lib_a-puts.o)
 .debug_loc     0x000000c1       0x1e c:/altera/13.0sp1/nios2eds/bin/gnu/h-i686-mingw32/bin/../lib/gcc/nios2-elf/4.1.2/../../../../nios2-elf/lib/mno-hw-mul\libsmallc.a(lib_a-strlen.o)
 .debug_loc     0x000000df      0x162 c:/altera/13.0sp1/nios2eds/bin/gnu/h-i686-mingw32/bin/../lib/gcc/nios2-elf/4.1.2/../../../../nios2-elf/lib/mno-hw-mul\libsmallc.a(lib_a-fvwrite_small_dev.o)
 .debug_loc     0x00000241       0x97 c:/altera/13.0sp1/nios2eds/bin/gnu/h-i686-mingw32/bin/../lib/gcc/nios2-elf/4.1.2/../../../../nios2-elf/lib/mno-hw-mul\libsmallc.a(lib_a-writer.o)
 .debug_loc     0x000002d8       0x1f ../Display7segments_bsp/\libhal_bsp.a(alt_load.o)
 .debug_loc     0x000002f7       0x1f ../Display7segments_bsp/\libhal_bsp.a(alt_main.o)
 .debug_loc     0x00000316       0x13 ../Display7segments_bsp/\libhal_bsp.a(alt_usleep.o)
 .debug_loc     0x00000329       0x9a ../Display7segments_bsp/\libhal_bsp.a(alt_write.o)
 .debug_loc     0x000003c3       0x32 ../Display7segments_bsp/\libhal_bsp.a(alt_sys_init.o)
 .debug_loc     0x000003f5       0x26 ../Display7segments_bsp/\libhal_bsp.a(altera_avalon_jtag_uart_write.o)
 .debug_loc     0x0000041b       0x50 ../Display7segments_bsp/\libhal_bsp.a(alt_busy_sleep.o)
 .debug_loc     0x0000046b      0x1d2 c:/altera/13.0sp1/nios2eds/bin/gnu/h-i686-mingw32/bin/../lib/gcc/nios2-elf/4.1.2/mno-hw-mul\libgcc.a(lib2-divmod.o)
 .debug_loc     0x0000063d       0x4f c:/altera/13.0sp1/nios2eds/bin/gnu/h-i686-mingw32/bin/../lib/gcc/nios2-elf/4.1.2/mno-hw-mul\libgcc.a(lib2-mul.o)

.debug_macinfo
 *(.debug_macinfo)

.debug_weaknames
 *(.debug_weaknames)

.debug_funcnames
 *(.debug_funcnames)

.debug_typenames
 *(.debug_typenames)

.debug_varnames
 *(.debug_varnames)

.debug_alt_sim_info
                0x00000000       0x40
 *(.debug_alt_sim_info)
 .debug_alt_sim_info
                0x00000000       0x10 ../Display7segments_bsp//obj/HAL/src/crt0.o
 .debug_alt_sim_info
                0x00000010       0x30 ../Display7segments_bsp/\libhal_bsp.a(alt_busy_sleep.o)
                0x00006800                __alt_data_end = 0x6800
                0x00006800                PROVIDE (__alt_stack_pointer, __alt_data_end)
                0x00004884                PROVIDE (__alt_stack_limit, __alt_stack_base)
                0x00004884                PROVIDE (__alt_heap_start, end)
                0x00006800                PROVIDE (__alt_heap_limit, 0x6800)
OUTPUT(Display7segments.elf elf32-littlenios2)

.debug_ranges   0x00000000       0x20
 .debug_ranges  0x00000000       0x20 ../Display7segments_bsp//obj/HAL/src/crt0.o
