Flow report for Nios2_and_7_segment_displays
Mon Nov 24 05:00:45 2025
Quartus II 64-Bit Version 13.0.1 Build 232 06/12/2013 Service Pack 1 SJ Web Edition


---------------------
; Table of Contents ;
---------------------
  1. Legal Notice
  2. Flow Summary
  3. Flow Settings
  4. Flow Non-Default Global Settings
  5. Flow Elapsed Time
  6. Flow OS Summary
  7. Flow Log
  8. Flow Messages
  9. Flow Suppressed Messages



----------------
; Legal Notice ;
----------------
Copyright (C) 1991-2013 Altera Corporation
Your use of Altera Corporation's design tools, logic functions 
and other software and tools, and its AMPP partner logic 
functions, and any output files from any of the foregoing 
(including device programming or simulation files), and any 
associated documentation or information are expressly subject 
to the terms and conditions of the Altera Program License 
Subscription Agreement, Altera MegaCore Function License 
Agreement, or other applicable license agreement, including, 
without limitation, that your use is for the sole purpose of 
programming logic devices manufactured by Altera and sold by 
Altera or its authorized distributors.  Please refer to the 
applicable agreement for further details.



+--------------------------------------------------------------------------------------+
; Flow Summary                                                                         ;
+------------------------------------+-------------------------------------------------+
; Flow Status                        ; Successful - Mon Nov 24 05:00:45 2025           ;
; Quartus II 64-Bit Version          ; 13.0.1 Build 232 06/12/2013 SP 1 SJ Web Edition ;
; Revision Name                      ; Nios2_and_7_segment_displays                    ;
; Top-level Entity Name              ; TopLevel                                        ;
; Family                             ; Cyclone II                                      ;
; Device                             ; EP2C20F484C7                                    ;
; Timing Models                      ; Final                                           ;
; Total logic elements               ; 1,742 / 18,752 ( 9 % )                          ;
;     Total combinational functions  ; 1,618 / 18,752 ( 9 % )                          ;
;     Dedicated logic registers      ; 969 / 18,752 ( 5 % )                            ;
; Total registers                    ; 969                                             ;
; Total pins                         ; 30 / 315 ( 10 % )                               ;
; Total virtual pins                 ; 0                                               ;
; Total memory bits                  ; 93,184 / 239,616 ( 39 % )                       ;
; Embedded Multiplier 9-bit elements ; 0 / 52 ( 0 % )                                  ;
; Total PLLs                         ; 0 / 4 ( 0 % )                                   ;
+------------------------------------+-------------------------------------------------+


+--------------------------------------------------+
; Flow Settings                                    ;
+-------------------+------------------------------+
; Option            ; Setting                      ;
+-------------------+------------------------------+
; Start date & time ; 11/24/2025 05:00:21          ;
; Main task         ; Compilation                  ;
; Revision Name     ; Nios2_and_7_segment_displays ;
+-------------------+------------------------------+


+-------------------------------------------------------------------------------------------------------------------------------------------+
; Flow Non-Default Global Settings                                                                                                          ;
+-------------------------------------+---------------------------------------+------------------------------+-------------+----------------+
; Assignment Name                     ; Value                                 ; Default Value                ; Entity Name ; Section Id     ;
+-------------------------------------+---------------------------------------+------------------------------+-------------+----------------+
; COMPILER_SIGNATURE_ID               ; 345052807169.176395682117888          ; --                           ; --          ; --             ;
; EDA_OUTPUT_DATA_FORMAT              ; Vhdl                                  ; --                           ; --          ; eda_simulation ;
; EDA_SIMULATION_TOOL                 ; ModelSim (VHDL)                       ; <None>                       ; --          ; --             ;
; EDA_TIME_SCALE                      ; 1 ps                                  ; --                           ; --          ; eda_simulation ;
; MAX_CORE_JUNCTION_TEMP              ; 85                                    ; --                           ; --          ; --             ;
; MIN_CORE_JUNCTION_TEMP              ; 0                                     ; --                           ; --          ; --             ;
; PARTITION_COLOR                     ; 16764057                              ; --                           ; TopLevel    ; Top            ;
; PARTITION_FITTER_PRESERVATION_LEVEL ; PLACEMENT_AND_ROUTING                 ; --                           ; TopLevel    ; Top            ;
; PARTITION_NETLIST_TYPE              ; SOURCE                                ; --                           ; TopLevel    ; Top            ;
; POWER_BOARD_THERMAL_MODEL           ; None (CONSERVATIVE)                   ; --                           ; --          ; --             ;
; POWER_PRESET_COOLING_SOLUTION       ; 23 MM HEAT SINK WITH 200 LFPM AIRFLOW ; --                           ; --          ; --             ;
; PROJECT_OUTPUT_DIRECTORY            ; output_files                          ; --                           ; --          ; --             ;
; TOP_LEVEL_ENTITY                    ; TopLevel                              ; Nios2_and_7_segment_displays ; --          ; --             ;
+-------------------------------------+---------------------------------------+------------------------------+-------------+----------------+


+-------------------------------------------------------------------------------------------------------------------------------+
; Flow Elapsed Time                                                                                                             ;
+---------------------------+--------------+-------------------------+---------------------+------------------------------------+
; Module Name               ; Elapsed Time ; Average Processors Used ; Peak Virtual Memory ; Total CPU Time (on all processors) ;
+---------------------------+--------------+-------------------------+---------------------+------------------------------------+
; Analysis & Synthesis      ; 00:00:14     ; 1.0                     ; 4724 MB             ; 00:00:12                           ;
; Fitter                    ; 00:00:05     ; 1.0                     ; 4863 MB             ; 00:00:05                           ;
; Assembler                 ; 00:00:01     ; 1.0                     ; 4569 MB             ; 00:00:01                           ;
; TimeQuest Timing Analyzer ; 00:00:01     ; 1.0                     ; 4567 MB             ; 00:00:01                           ;
; EDA Netlist Writer        ; 00:00:01     ; 1.0                     ; 4552 MB             ; 00:00:01                           ;
; Total                     ; 00:00:22     ; --                      ; --                  ; 00:00:20                           ;
+---------------------------+--------------+-------------------------+---------------------+------------------------------------+


+----------------------------------------------------------------------------------------+
; Flow OS Summary                                                                        ;
+---------------------------+------------------+-----------+------------+----------------+
; Module Name               ; Machine Hostname ; OS Name   ; OS Version ; Processor type ;
+---------------------------+------------------+-----------+------------+----------------+
; Analysis & Synthesis      ; Lafris           ; Windows 7 ; 6.2        ; x86_64         ;
; Fitter                    ; Lafris           ; Windows 7 ; 6.2        ; x86_64         ;
; Assembler                 ; Lafris           ; Windows 7 ; 6.2        ; x86_64         ;
; TimeQuest Timing Analyzer ; Lafris           ; Windows 7 ; 6.2        ; x86_64         ;
; EDA Netlist Writer        ; Lafris           ; Windows 7 ; 6.2        ; x86_64         ;
+---------------------------+------------------+-----------+------------+----------------+


------------
; Flow Log ;
------------
quartus_map --read_settings_files=on --write_settings_files=off Nios2_and_7_segment_displays -c Nios2_and_7_segment_displays
quartus_fit --read_settings_files=off --write_settings_files=off Nios2_and_7_segment_displays -c Nios2_and_7_segment_displays
quartus_asm --read_settings_files=off --write_settings_files=off Nios2_and_7_segment_displays -c Nios2_and_7_segment_displays
quartus_sta Nios2_and_7_segment_displays -c Nios2_and_7_segment_displays
quartus_eda --read_settings_files=off --write_settings_files=off Nios2_and_7_segment_displays -c Nios2_and_7_segment_displays



